
> react-kavia@0.1.0 start
> cross-env EDIT_MODE=true webpack serve --config .ve/webpack.config.js --mode development

<i> [webpack-dev-server] Project is running at:
<i> [webpack-dev-server] Loopback: http://localhost:3000/, http://[::1]:3000/
<i> [webpack-dev-server] On Your Network (IPv4): http://172.17.0.2:3000/
<i> [webpack-dev-server] Content not from webpack is served from './public' directory
Injecting EditorRootWrapper import: ../.ve/EditorRootWrapper
asset bundle.js 1.45 MiB [emitted] (name: main)
asset index.html 1.92 KiB [emitted]
runtime modules 27.5 KiB 14 modules
modules by path ./node_modules/ 1.24 MiB 31 modules
modules by path ./src/ 59.2 KiB
  modules by path ./src/*.css 8.54 KiB 4 modules
  modules by path ./src/*.js 50.6 KiB
    ./src/index.js 659 bytes [built] [code generated]
    + 2 modules
modules by path ./.ve/ 15.1 KiB
  modules by path ./.ve/*.js 10.6 KiB
    ./.ve/EditorRootWrapper.js 2.68 KiB [built] [code generated]
    ./.ve/SidePanel.js 7.93 KiB [built] [code generated]
  modules by path ./.ve/*.css 2.93 KiB
    ./.ve/EditorOverlay.css 2.25 KiB [built] [code generated]
    ./node_modules/css-loader/dist/cjs.js!./.ve/EditorOverlay.css 697 bytes [built] [code generated]
  ./.ve/EditorOverlay.jsx 1.58 KiB [built] [code generated]
webpack 5.99.9 compiled successfully in 1384 ms
assets by status 1.92 KiB [cached] 1 asset
assets by path *.js 1.48 MiB
  asset bundle.js 1.45 MiB [emitted] (name: main)
  asset main.f01b5891c594d89e48ea.hot-update.js 30.4 KiB [emitted] [immutable] [hmr] (name: main)
asset main.f01b5891c594d89e48ea.hot-update.json 28 bytes [emitted] [immutable] [hmr]
Entrypoint main 1.48 MiB = bundle.js 1.45 MiB main.f01b5891c594d89e48ea.hot-update.js 30.4 KiB
cached modules 1.29 MiB [cached] 42 modules
runtime modules 27.5 KiB 14 modules
./src/App.js 22.8 KiB [built] [code generated]
webpack 5.99.9 compiled successfully in 199 ms
assets by status 1.92 KiB [cached] 1 asset
assets by path *.js 1.48 MiB
  asset bundle.js 1.45 MiB [emitted] (name: main)
  asset main.77219cb0ded7b75f2774.hot-update.js 30.8 KiB [emitted] [immutable] [hmr] (name: main)
asset main.77219cb0ded7b75f2774.hot-update.json 28 bytes [emitted] [immutable] [hmr]
Entrypoint main 1.48 MiB = bundle.js 1.45 MiB main.77219cb0ded7b75f2774.hot-update.js 30.8 KiB
cached modules 1.29 MiB [cached] 42 modules
runtime modules 27.5 KiB 14 modules
./src/App.js 23.3 KiB [built] [code generated]
webpack 5.99.9 compiled successfully in 96 ms
assets by status 1.92 KiB [cached] 1 asset
assets by path *.js 1.48 MiB
  asset bundle.js 1.45 MiB [emitted] (name: main)
  asset main.b2ea827519f7b4f8d80c.hot-update.js 31.6 KiB [emitted] [immutable] [hmr] (name: main)
asset main.b2ea827519f7b4f8d80c.hot-update.json 28 bytes [emitted] [immutable] [hmr]
Entrypoint main 1.48 MiB = bundle.js 1.45 MiB main.b2ea827519f7b4f8d80c.hot-update.js 31.6 KiB
cached modules 1.29 MiB [cached] 42 modules
runtime modules 27.5 KiB 14 modules
./src/App.js 24 KiB [built] [code generated]
webpack 5.99.9 compiled successfully in 94 ms
assets by status 1.92 KiB [cached] 1 asset
assets by path *.js 1.48 MiB
  asset bundle.js 1.45 MiB [emitted] (name: main)
  asset main.dc0157b229192ac72456.hot-update.js 31.7 KiB [emitted] [immutable] [hmr] (name: main)
asset main.dc0157b229192ac72456.hot-update.json 28 bytes [emitted] [immutable] [hmr]
Entrypoint main 1.48 MiB = bundle.js 1.45 MiB main.dc0157b229192ac72456.hot-update.js 31.7 KiB
cached modules 1.29 MiB [cached] 42 modules
runtime modules 27.5 KiB 14 modules
./src/App.js 24.1 KiB [built] [code generated]
webpack 5.99.9 compiled successfully in 88 ms
assets by status 1.92 KiB [cached] 1 asset
assets by path *.js 1.49 MiB
  asset bundle.js 1.45 MiB [emitted] (name: main)
  asset main.a0702cb798772167f1d7.hot-update.js 34.5 KiB [emitted] [immutable] [hmr] (name: main)
asset main.a0702cb798772167f1d7.hot-update.json 28 bytes [emitted] [immutable] [hmr]
Entrypoint main 1.49 MiB = bundle.js 1.45 MiB main.a0702cb798772167f1d7.hot-update.js 34.5 KiB
cached modules 1.29 MiB [cached] 42 modules
runtime modules 27.5 KiB 14 modules
./src/QuizGames.js 27.6 KiB [built] [code generated]
webpack 5.99.9 compiled successfully in 115 ms
assets by status 1.92 KiB [cached] 1 asset
assets by path *.js 1.48 MiB
  asset bundle.js 1.45 MiB [emitted] (name: main)
  asset main.db01a1775d71519a1cbc.hot-update.js 34 KiB [emitted] [immutable] [hmr] (name: main)
asset main.db01a1775d71519a1cbc.hot-update.json 28 bytes [emitted] [immutable] [hmr]
Entrypoint main 1.48 MiB = bundle.js 1.45 MiB main.db01a1775d71519a1cbc.hot-update.js 34 KiB
cached modules 1.29 MiB [cached] 42 modules
runtime modules 27.5 KiB 14 modules
./src/QuizGames.js 27.1 KiB [built] [code generated]
webpack 5.99.9 compiled successfully in 98 ms
assets by status 1.92 KiB [cached] 1 asset
assets by path *.js 1.49 MiB
  asset bundle.js 1.45 MiB [emitted] (name: main)
  asset main.d8c29161654f6e85baab.hot-update.js 34.4 KiB [emitted] [immutable] [hmr] (name: main)
asset main.d8c29161654f6e85baab.hot-update.json 28 bytes [emitted] [immutable] [hmr]
Entrypoint main 1.49 MiB = bundle.js 1.45 MiB main.d8c29161654f6e85baab.hot-update.js 34.4 KiB
cached modules 1.29 MiB [cached] 42 modules
runtime modules 27.5 KiB 14 modules
./src/QuizGames.js 27.5 KiB [built] [code generated]
webpack 5.99.9 compiled successfully in 86 ms
assets by status 1.92 KiB [cached] 1 asset
assets by path *.js 1.49 MiB
  asset bundle.js 1.45 MiB [emitted] (name: main)
  asset main.c70f8c3ce9c24bd164c3.hot-update.js 34.8 KiB [emitted] [immutable] [hmr] (name: main)
asset main.c70f8c3ce9c24bd164c3.hot-update.json 28 bytes [emitted] [immutable] [hmr]
Entrypoint main 1.49 MiB = bundle.js 1.45 MiB main.c70f8c3ce9c24bd164c3.hot-update.js 34.8 KiB
cached modules 1.29 MiB [cached] 42 modules
runtime modules 27.5 KiB 14 modules
./src/QuizGames.js 27.9 KiB [built] [code generated]
webpack 5.99.9 compiled successfully in 84 ms
